[Licensing::Module] Trying to connect to existing licensing client channel...
[Licensing::IpcConnector] Successfully connected to: "LicenseClient-muqaduskhaliq" at "2026-10-01T06:45:08.7045841Z"
[Licensing::Client] Code 10 while verifying Licensing Client signature (process Id: 8236, path: "C:/Program Files/Unity Hub/UnityLicensingClient_V1/Unity.Licensing.Client.exe")
[Licensing::Module] LicensingClient has failed validation; ignoring
[Licensing::Client] Handshaking with LicensingClient:
  Version:                 1.17.4+4293ba1
  Session Id:              0c7ad8e45b704c7e8932f7d024858044
  Correlation Id:          d0d4b37e174241f5d0e83ba033494cc1
  External correlation Id: 4998071199216851085
  Machine Id:              iNCs2fLcg4QOLrKLtmKNN4QkDe0=
[Licensing::Module] Successfully connected to LicensingClient on channel: "LicenseClient-muqaduskhaliq" (connect: 0.00s, validation: 0.01s, handshake: 0.08s)
[Licensing::IpcConnector] Successfully connected to: "LicenseClient-muqaduskhaliq-notifications" at "2026-10-01T06:45:08.8003369Z"
[Licensing::Module] Error: Access token is unavailable; failed to update
[Licensing::Client] Successfully updated license
Built from '2022.3/respin/2022.3.62f2-4af31df585-v2' branch; Version is '2022.3.62f2 (7670c08855a9) revision 7762112'; Using compiler version '192829333'; Build Type 'Release'
OS: 'Windows 10  (10.0.19045) 64bit Professional' Language: 'en' Physical Memory: 32684 MB
[Licensing::Client] Successfully resolved entitlement details
[Licensing::Module] Serial number assigned to: "18968466172985-UnityPersXXXX"
BatchMode: 1, IsHumanControllingUs: 0, StartBugReporterOnCrash: 0, Is64bit: 1, IsPro: 0
[Licensing::Client] Successfully resolved entitlement details

COMMAND LINE ARGUMENTS:
C:\Program Files\Unity\Hub\Editor\2022.3.62f2\Editor\Unity.exe
-batchmode
-quit
-projectPath
E:\Muqadus Projects\My Self Projects\Word-Search
-executeMethod
AutoSetupWordSearch.BuildAll
-logFile
unity_build.log
Successfully changed project path to: E:\Muqadus Projects\My Self Projects\Word-Search
E:/Muqadus Projects/My Self Projects/Word-Search
[UnityMemory] Configuration Parameters - Can be set up in boot.config
    "memorysetup-bucket-allocator-granularity=16"
    "memorysetup-bucket-allocator-bucket-count=8"
    "memorysetup-bucket-allocator-block-size=33554432"
    "memorysetup-bucket-allocator-block-count=8"
    "memorysetup-main-allocator-block-size=16777216"
    "memorysetup-thread-allocator-block-size=16777216"
    "memorysetup-gfx-main-allocator-block-size=16777216"
    "memorysetup-gfx-thread-allocator-block-size=16777216"
    "memorysetup-cache-allocator-block-size=4194304"
    "memorysetup-typetree-allocator-block-size=2097152"
    "memorysetup-profiler-bucket-allocator-granularity=16"
    "memorysetup-profiler-bucket-allocator-bucket-count=8"
    "memorysetup-profiler-bucket-allocator-block-size=33554432"
    "memorysetup-profiler-bucket-allocator-block-count=8"
    "memorysetup-profiler-allocator-block-size=16777216"
    "memorysetup-profiler-editor-allocator-block-size=1048576"
    "memorysetup-temp-allocator-size-main=16777216"
    "memorysetup-job-temp-allocator-block-size=2097152"
    "memorysetup-job-temp-allocator-block-size-background=1048576"
    "memorysetup-job-temp-allocator-reduction-small-platforms=262144"
    "memorysetup-allocator-temp-initial-block-size-main=262144"
    "memorysetup-allocator-temp-initial-block-size-worker=262144"
    "memorysetup-temp-allocator-size-background-worker=32768"
    "memorysetup-temp-allocator-size-job-worker=262144"
    "memorysetup-temp-allocator-size-preload-manager=33554432"
    "memorysetup-temp-allocator-size-nav-mesh-worker=65536"
    "memorysetup-temp-allocator-size-audio-worker=65536"
    "memorysetup-temp-allocator-size-cloud-worker=32768"
    "memorysetup-temp-allocator-size-gi-baking-worker=262144"
    "memorysetup-temp-allocator-size-gfx=262144"
Player connection [37000]  Target information:

Player connection [37000]  * "[IP] 172.16.2.7 [Port] 55504 [Flags] 2 [Guid] 2411615054 [EditorId] 2411615054 [Version] 1048832 [Id] WindowsEditor(7,DSK-OZI-G-0013) [Debug] 1 [PackageName] WindowsEditor [ProjectName] Editor" 

Player connection [37000] Host joined multi-casting on [225.0.0.222:54997]...
Player connection [37000] Host joined alternative multi-casting on [225.0.0.222:34997]...
Input System module state changed to: Initialized.
[PhysX] Initialized MultithreadedTaskDispatcher with 24 workers.
[Package Manager] UpmClient::Connect -- Connected to IPC stream "Upm-13648" after 0.6 seconds.
[Package Manager] Restoring resolved packages state from cache
[Licensing::Client] Successfully resolved entitlement details
[Package Manager] Registered 54 packages:
  Packages from [https://packages.unity.com]:
    com.unity.collab-proxy@2.12.4 (location: E:\Muqadus Projects\My Self Projects\Word-Search\Library\PackageCache\com.unity.collab-proxy@2.12.4)
    com.unity.ide.rider@3.0.36 (location: E:\Muqadus Projects\My Self Projects\Word-Search\Library\PackageCache\com.unity.ide.rider@3.0.36)
    com.unity.ide.visualstudio@2.0.22 (location: E:\Muqadus Projects\My Self Projects\Word-Search\Library\PackageCache\com.unity.ide.visualstudio@2.0.22)
    com.unity.test-framework@1.1.33 (location: E:\Muqadus Projects\My Self Projects\Word-Search\Library\PackageCache\com.unity.test-framework@1.1.33)
    com.unity.textmeshpro@3.0.7 (location: E:\Muqadus Projects\My Self Projects\Word-Search\Library\PackageCache\com.unity.textmeshpro@3.0.7)
    com.unity.timeline@1.7.7 (location: E:\Muqadus Projects\My Self Projects\Word-Search\Library\PackageCache\com.unity.timeline@1.7.7)
    com.unity.visualscripting@1.9.4 (location: E:\Muqadus Projects\My Self Projects\Word-Search\Library\PackageCache\com.unity.visualscripting@1.9.4)
    com.unity.ext.nunit@1.0.6 (location: E:\Muqadus Projects\My Self Projects\Word-Search\Library\PackageCache\com.unity.ext.nunit@1.0.6)
    com.unity.2d.animation@9.2.0 (location: E:\Muqadus Projects\My Self Projects\Word-Search\Library\PackageCache\com.unity.2d.animation@9.2.0)
    com.unity.2d.pixel-perfect@5.1.0 (location: E:\Muqadus Projects\My Self Projects\Word-Search\Library\PackageCache\com.unity.2d.pixel-perfect@5.1.0)
    com.unity.2d.psdimporter@8.1.0 (location: E:\Muqadus Projects\My Self Projects\Word-Search\Library\PackageCache\com.unity.2d.psdimporter@8.1.0)
    com.unity.2d.spriteshape@9.1.0 (location: E:\Muqadus Projects\My Self Projects\Word-Search\Library\PackageCache\com.unity.2d.spriteshape@9.1.0)
    com.unity.2d.tilemap.extras@3.1.3 (location: E:\Muqadus Projects\My Self Projects\Word-Search\Library\PackageCache\com.unity.2d.tilemap.extras@3.1.3)
    com.unity.2d.aseprite@1.1.9 (location: E:\Muqadus Projects\My Self Projects\Word-Search\Library\PackageCache\com.unity.2d.aseprite@1.1.9)
    com.unity.2d.common@8.1.0 (location: E:\Muqadus Projects\My Self Projects\Word-Search\Library\PackageCache\com.unity.2d.common@8.1.0)
    com.unity.mathematics@1.2.6 (location: E:\Muqadus Projects\My Self Projects\Word-Search\Library\PackageCache\com.unity.mathematics@1.2.6)
    com.unity.collections@1.2.4 (location: E:\Muqadus Projects\My Self Projects\Word-Search\Library\PackageCache\com.unity.collections@1.2.4)
    com.unity.burst@1.8.21 (location: E:\Muqadus Projects\My Self Projects\Word-Search\Library\PackageCache\com.unity.burst@1.8.21)
  Built-in packages:
    com.unity.feature.2d@2.0.1 (location: E:\Muqadus Projects\My Self Projects\Word-Search\Library\PackageCache\com.unity.feature.2d@2.0.1)
    com.unity.ugui@1.0.0 (location: E:\Muqadus Projects\My Self Projects\Word-Search\Library\PackageCache\com.unity.ugui@1.0.0)
    com.unity.modules.ai@1.0.0 (location: E:\Muqadus Projects\My Self Projects\Word-Search\Library\PackageCache\com.unity.modules.ai@1.0.0)
    com.unity.modules.androidjni@1.0.0 (location: E:\Muqadus Projects\My Self Projects\Word-Search\Library\PackageCache\com.unity.modules.androidjni@1.0.0)
    com.unity.modules.animation@1.0.0 (location: E:\Muqadus Projects\My Self Projects\Word-Search\Library\PackageCache\com.unity.modules.animation@1.0.0)
    com.unity.modules.assetbundle@1.0.0 (location: E:\Muqadus Projects\My Self Projects\Word-Search\Library\PackageCache\com.unity.modules.assetbundle@1.0.0)
    com.unity.modules.audio@1.0.0 (location: E:\Muqadus Projects\My Self Projects\Word-Search\Library\PackageCache\com.unity.modules.audio@1.0.0)
    com.unity.modules.cloth@1.0.0 (location: E:\Muqadus Projects\My Self Projects\Word-Search\Library\PackageCache\com.unity.modules.cloth@1.0.0)
    com.unity.modules.director@1.0.0 (location: E:\Muqadus Projects\My Self Projects\Word-Search\Library\PackageCache\com.unity.modules.director@1.0.0)
    com.unity.modules.imageconversion@1.0.0 (location: E:\Muqadus Projects\My Self Projects\Word-Search\Library\PackageCache\com.unity.modules.imageconversion@1.0.0)
    com.unity.modules.imgui@1.0.0 (location: E:\Muqadus Projects\My Self Projects\Word-Search\Library\PackageCache\com.unity.modules.imgui@1.0.0)
    com.unity.modules.jsonserialize@1.0.0 (location: E:\Muqadus Projects\My Self Projects\Word-Search\Library\PackageCache\com.unity.modules.jsonserialize@1.0.0)
    com.unity.modules.particlesystem@1.0.0 (location: E:\Muqadus Projects\My Self Projects\Word-Search\Library\PackageCache\com.unity.modules.particlesystem@1.0.0)
    com.unity.modules.physics@1.0.0 (location: E:\Muqadus Projects\My Self Projects\Word-Search\Library\PackageCache\com.unity.modules.physics@1.0.0)
    com.unity.modules.physics2d@1.0.0 (location: E:\Muqadus Projects\My Self Projects\Word-Search\Library\PackageCache\com.unity.modules.physics2d@1.0.0)
    com.unity.modules.screencapture@1.0.0 (location: E:\Muqadus Projects\My Self Projects\Word-Search\Library\PackageCache\com.unity.modules.screencapture@1.0.0)
    com.unity.modules.terrain@1.0.0 (location: E:\Muqadus Projects\My Self Projects\Word-Search\Library\PackageCache\com.unity.modules.terrain@1.0.0)
    com.unity.modules.terrainphysics@1.0.0 (location: E:\Muqadus Projects\My Self Projects\Word-Search\Library\PackageCache\com.unity.modules.terrainphysics@1.0.0)
    com.unity.modules.tilemap@1.0.0 (location: E:\Muqadus Projects\My Self Projects\Word-Search\Library\PackageCache\com.unity.modules.tilemap@1.0.0)
    com.unity.modules.ui@1.0.0 (location: E:\Muqadus Projects\My Self Projects\Word-Search\Library\PackageCache\com.unity.modules.ui@1.0.0)
    com.unity.modules.uielements@1.0.0 (location: E:\Muqadus Projects\My Self Projects\Word-Search\Library\PackageCache\com.unity.modules.uielements@1.0.0)
    com.unity.modules.umbra@1.0.0 (location: E:\Muqadus Projects\My Self Projects\Word-Search\Library\PackageCache\com.unity.modules.umbra@1.0.0)
    com.unity.modules.unityanalytics@1.0.0 (location: E:\Muqadus Projects\My Self Projects\Word-Search\Library\PackageCache\com.unity.modules.unityanalytics@1.0.0)
    com.unity.modules.unitywebrequest@1.0.0 (location: E:\Muqadus Projects\My Self Projects\Word-Search\Library\PackageCache\com.unity.modules.unitywebrequest@1.0.0)
    com.unity.modules.unitywebrequestassetbundle@1.0.0 (location: E:\Muqadus Projects\My Self Projects\Word-Search\Library\PackageCache\com.unity.modules.unitywebrequestassetbundle@1.0.0)
    com.unity.modules.unitywebrequestaudio@1.0.0 (location: E:\Muqadus Projects\My Self Projects\Word-Search\Library\PackageCache\com.unity.modules.unitywebrequestaudio@1.0.0)
    com.unity.modules.unitywebrequesttexture@1.0.0 (location: E:\Muqadus Projects\My Self Projects\Word-Search\Library\PackageCache\com.unity.modules.unitywebrequesttexture@1.0.0)
    com.unity.modules.unitywebrequestwww@1.0.0 (location: E:\Muqadus Projects\My Self Projects\Word-Search\Library\PackageCache\com.unity.modules.unitywebrequestwww@1.0.0)
    com.unity.modules.vehicles@1.0.0 (location: E:\Muqadus Projects\My Self Projects\Word-Search\Library\PackageCache\com.unity.modules.vehicles@1.0.0)
    com.unity.modules.video@1.0.0 (location: E:\Muqadus Projects\My Self Projects\Word-Search\Library\PackageCache\com.unity.modules.video@1.0.0)
    com.unity.modules.vr@1.0.0 (location: E:\Muqadus Projects\My Self Projects\Word-Search\Library\PackageCache\com.unity.modules.vr@1.0.0)
    com.unity.modules.wind@1.0.0 (location: E:\Muqadus Projects\My Self Projects\Word-Search\Library\PackageCache\com.unity.modules.wind@1.0.0)
    com.unity.modules.xr@1.0.0 (location: E:\Muqadus Projects\My Self Projects\Word-Search\Library\PackageCache\com.unity.modules.xr@1.0.0)
    com.unity.modules.subsystems@1.0.0 (location: E:\Muqadus Projects\My Self Projects\Word-Search\Library\PackageCache\com.unity.modules.subsystems@1.0.0)
    com.unity.2d.sprite@1.0.0 (location: E:\Muqadus Projects\My Self Projects\Word-Search\Library\PackageCache\com.unity.2d.sprite@1.0.0)
    com.unity.2d.tilemap@1.0.0 (location: E:\Muqadus Projects\My Self Projects\Word-Search\Library\PackageCache\com.unity.2d.tilemap@1.0.0)
[Subsystems] No new subsystems found in resolved package list.
Package Manager log level set to [2]
[Package Manager] Done registering packages in 0.09 seconds
[Licensing::Client] Successfully resolved entitlement details
Refreshing native plugins compatible for Editor in 21.20 ms, found 5 plugins.
Preloading 0 native plugins for Editor in 0.00 ms.
Initialize engine version: 2022.3.62f2 (7670c08855a9)
[Subsystems] Discovering subsystems at path C:/Program Files/Unity/Hub/Editor/2022.3.62f2/Editor/Data/Resources/UnitySubsystems
[Subsystems] Discovering subsystems at path E:/Muqadus Projects/My Self Projects/Word-Search/Assets
GfxDevice: creating device client; threaded=0; jobified=0
Direct3D:
    Version:  Direct3D 11.0 [level 11.1]
    Renderer: NVIDIA GeForce GTX 1060 3GB (ID=0x1c02)
    Vendor:   NVIDIA
    VRAM:     2965 MB
    Driver:   32.0.15.8097
[Licensing::Client] Successfully resolved entitlement details
Initialize mono
Mono path[0] = 'C:/Program Files/Unity/Hub/Editor/2022.3.62f2/Editor/Data/Managed'
Mono path[1] = 'C:/Program Files/Unity/Hub/Editor/2022.3.62f2/Editor/Data/MonoBleedingEdge/lib/mono/unityjit-win32'
Mono config path = 'C:/Program Files/Unity/Hub/Editor/2022.3.62f2/Editor/Data/MonoBleedingEdge/etc'
Using monoOptions --debugger-agent=transport=dt_socket,embedding=1,server=y,suspend=n,address=127.0.0.1:56648
Using cacheserver namespaces - metadata:defaultmetadata, artifacts:defaultartifacts
Using cacheserver namespaces - metadata:defaultmetadata, artifacts:defaultartifacts
ImportWorker Server TCP listen port: 0
Begin MonoManager ReloadAssembly
Registering precompiled unity dll's ...
Register platform support module: C:/Program Files/Unity/Hub/Editor/2022.3.62f2/Editor/Data/PlaybackEngines/AndroidPlayer/UnityEditor.Android.Extensions.dll
Register platform support module: C:/Program Files/Unity/Hub/Editor/2022.3.62f2/Editor/Data/PlaybackEngines/WindowsStandaloneSupport/UnityEditor.WindowsStandalone.Extensions.dll
Registered in 0.017717 seconds.
- Loaded All Assemblies, in  0.622 seconds
Native extension for WindowsStandalone target not found
Native extension for Android target not found
Android Extension - Scanning For ADB Devices 529 ms
Mono: successfully reloaded assembly
- Finished resetting the current domain, in  1.043 seconds
Domain Reload Profiling: 1662ms
	BeginReloadAssembly (204ms)
		ExecutionOrderSort (0ms)
		DisableScriptedObjects (0ms)
		BackupInstance (0ms)
		ReleaseScriptingObjects (0ms)
		CreateAndSetChildDomain (1ms)
	RebuildCommonClasses (54ms)
	RebuildNativeTypeToScriptingClass (19ms)
	initialDomainReloadingComplete (104ms)
	LoadAllAssembliesAndSetupDomain (238ms)
		LoadAssemblies (201ms)
		RebuildTransferFunctionScriptingTraits (0ms)
		AnalyzeDomain (234ms)
			TypeCache.Refresh (232ms)
				TypeCache.ScanAssembly (210ms)
			ScanForSourceGeneratedMonoScriptInfo (1ms)
			ResolveRequiredComponents (1ms)
	FinalizeReload (1043ms)
		ReleaseScriptCaches (0ms)
		RebuildScriptCaches (0ms)
		SetupLoadedEditorAssemblies (964ms)
			LogAssemblyErrors (0ms)
			InitializePlatformSupportModulesInManaged (693ms)
			SetLoadedEditorAssemblies (8ms)
			RefreshPlugins (0ms)
			BeforeProcessingInitializeOnLoad (3ms)
			ProcessInitializeOnLoadAttributes (189ms)
			ProcessInitializeOnLoadMethodAttributes (71ms)
			AfterProcessingInitializeOnLoad (0ms)
			EditorAssembliesLoaded (0ms)
		ExecutionOrderSort2 (0ms)
		AwakeInstancesAfterBackupRestoration (0ms)
[Licensing::Client] Successfully resolved entitlement details
[Licensing::Client] Successfully resolved entitlement details
Application.AssetDatabase Initial Refresh Start
Starting: C:\Program Files\Unity\Hub\Editor\2022.3.62f2\Editor\Data\bee_backend.exe --ipc --defer-dag-verification --dagfile="Library/Bee/1300b0aE.dag" --continue-on-failure --profile="Library/Bee/backend1.traceevents" ScriptAssemblies
WorkingDir: E:/Muqadus Projects/My Self Projects/Word-Search
DisplayProgressbar: Compiling Scripts
ExitCode: 4 Duration: 0s746ms
Rebuilding DAG because FileSignature timestamp changed: Library/Bee/1300b0aE-inputdata.json
[518/660    0s] ILPP-Configuration Library/ilpp-configuration.nevergeneratedoutput
*** Tundra requires additional run (0.69 seconds), 1 items updated, 517 evaluated
Starting: C:\Program Files\Unity\Hub\Editor\2022.3.62f2\Editor\Data\Tools\netcorerun\netcorerun.exe "C:\Program Files\Unity\Hub\Editor\2022.3.62f2\Editor\Data\Tools\BuildPipeline\ScriptCompilationBuildProgram.exe" "Library/Bee/1300b0aE.dag.json" "Library/Bee/1300b0aE-inputdata.json" "Library\Bee\buildprogram0.traceevents"
WorkingDir: E:/Muqadus Projects/My Self Projects/Word-Search
ExitCode: 0 Duration: 1s84ms
Starting: C:\Program Files\Unity\Hub\Editor\2022.3.62f2\Editor\Data\bee_backend.exe --ipc --defer-dag-verification --dagfile="Library/Bee/1300b0aE.dag" --continue-on-failure --dagfilejson="Library\Bee\1300b0aE.dag.json" --profile="Library/Bee/backend2.traceevents" ScriptAssemblies
WorkingDir: E:/Muqadus Projects/My Self Projects/Word-Search
ExitCode: 0 Duration: 0s552ms
Finished compiling graph: 663 nodes, 9304 flattened edges (7524 ToBuild, 104 ToUse), maximum node priority 666
[518/660    0s] ILPP-Configuration Library/ilpp-configuration.nevergeneratedoutput
*** Tundra build success (0.49 seconds), 1 items updated, 660 evaluated
AssetDatabase: script compilation time: 3.454397s
Begin MonoManager ReloadAssembly
- Loaded All Assemblies, in  1.133 seconds
Refreshing native plugins compatible for Editor in 6.85 ms, found 5 plugins.
Preloading 0 native plugins for Editor in 0.00 ms.
Refreshing native plugins compatible for Editor in 8.41 ms, found 5 plugins.
Native extension for WindowsStandalone target not found
Native extension for Android target not found
Mono: successfully reloaded assembly
- Finished resetting the current domain, in  5.151 seconds
Domain Reload Profiling: 6279ms
	BeginReloadAssembly (324ms)
		ExecutionOrderSort (0ms)
		DisableScriptedObjects (18ms)
		BackupInstance (0ms)
		ReleaseScriptingObjects (0ms)
		CreateAndSetChildDomain (43ms)
	RebuildCommonClasses (60ms)
	RebuildNativeTypeToScriptingClass (20ms)
	initialDomainReloadingComplete (60ms)
	LoadAllAssembliesAndSetupDomain (663ms)
		LoadAssemblies (550ms)
		RebuildTransferFunctionScriptingTraits (0ms)
		AnalyzeDomain (306ms)
			TypeCache.Refresh (255ms)
				TypeCache.ScanAssembly (229ms)
			ScanForSourceGeneratedMonoScriptInfo (37ms)
			ResolveRequiredComponents (11ms)
	FinalizeReload (5152ms)
		ReleaseScriptCaches (0ms)
		RebuildScriptCaches (0ms)
		SetupLoadedEditorAssemblies (4909ms)
			LogAssemblyErrors (0ms)
			InitializePlatformSupportModulesInManaged (28ms)
			SetLoadedEditorAssemblies (8ms)
			RefreshPlugins (0ms)
			BeforeProcessingInitializeOnLoad (124ms)
			ProcessInitializeOnLoadAttributes (4470ms)
			ProcessInitializeOnLoadMethodAttributes (266ms)
			AfterProcessingInitializeOnLoad (13ms)
			EditorAssembliesLoaded (0ms)
		ExecutionOrderSort2 (0ms)
		AwakeInstancesAfterBackupRestoration (11ms)
Asset Pipeline Refresh (id=cf6400290da73864ebb5167aad3f54ac): Total: 11.815 seconds - Initiated by InitialRefreshV2(ForceSynchronousImport)
	Summary:
		Imports: total=0 (actual=0, local cache=0, cache server=0)
		Asset DB Process Time: managed=0 ms, native=1858 ms
		Asset DB Callback time: managed=27 ms, native=0 ms
		Scripting: domain reloads=1, domain reload time=6397 ms, compile time=3458 ms, other=73 ms
		Project Asset Count: scripts=5341, non-scripts=1587
		Asset File Changes: new=0, changed=0, moved=0, deleted=0
		Scan Filter Count: 0
	InvokeBeforeRefreshCallbacks: 0.772ms
	ApplyChangesToAssetFolders: 0.089ms
	Scan: 124.546ms
	OnSourceAssetsModified: 0.003ms
	GetAllGuidsForCategorization: 1.601ms
	CategorizeAssets: 233.202ms
	ImportOutOfDateAssets: 5241.698ms (1721.700ms without children)
		CompileScripts: 3457.672ms
		ReloadNativeAssets: 0.001ms
		UnloadImportedAssets: 56.105ms
		EnsureUptoDateAssetsAreRegisteredWithGuidPM: 3.646ms
		InitializingProgressBar: 0.012ms
		PostProcessAllAssetNotificationsAddChangedAssets: 0.006ms
		OnDemandSchedulerStart: 2.556ms
	PostProcessAllAssets: 27.024ms
	GatherAllCurrentPrimaryArtifactRevisions: 0.001ms
	UnloadStreamsBegin: 0.642ms
	PersistCurrentRevisions: 0.358ms
	UnloadStreamsEnd: 0.090ms
	GenerateScriptTypeHashes: 3.053ms
	Untracked: 6185.306ms
Application.AssetDatabase Initial Refresh End
Launched and connected shader compiler UnityShaderCompiler.exe after 0.12 seconds
Scanning for USB devices : 4.660ms
Initializing Unity extensions:
[Licensing::Client] Successfully resolved entitlement details
[MODES] ModeService[none].Initialize
[MODES] ModeService[none].LoadModes
[MODES] Loading mode Default (0) for mode-current-id-Word-Search
[PhysX] Initialized MultithreadedTaskDispatcher with 24 workers.
ProgressiveSceneManager::Cancel()
Unloading 9 Unused Serialized files (Serialized files now loaded: 0)
Unloading 94 unused Assets / (0.7 MB). Loaded Objects now: 4946.
Memory consumption went from 128.0 MB to 127.3 MB.
Total: 9.501300 ms (FindLiveObjects: 0.474300 ms CreateObjectMapping: 0.263600 ms MarkObjects: 8.229000 ms  DeleteObjects: 0.533400 ms)

[AutoSetupWordSearch] Building Level 1 and Level 2 Word Search system...
UnityEngine.StackTraceUtility:ExtractStackTrace ()
UnityEngine.DebugLogHandler:LogFormat (UnityEngine.LogType,UnityEngine.Object,string,object[])
UnityEngine.Logger:Log (UnityEngine.LogType,object)
UnityEngine.Debug:Log (object)
AutoSetupWordSearch:BuildAll () (at Assets/Scripts/Editor/AutoSetupWordSearch.cs:15)

(Filename: Assets/Scripts/Editor/AutoSetupWordSearch.cs Line: 15)

Asset Pipeline Refresh (id=3f23e644cea2cca46a05d1afc454a623): Total: 0.039 seconds - Initiated by RefreshV2(NoUpdateAssetOptions)
Start importing Assets/Prefabs/LetterTile.prefab using Guid(c1c2d3f100f49654995f82390ba85454) Importer(-1,00000000000000000000000000000000) [PhysX] Initialized MultithreadedTaskDispatcher with 24 workers.
[PhysX] Initialized MultithreadedTaskDispatcher with 24 workers.
 -> (artifact id: '78be5bccec483315025eabc55fba89f5') in 0.022282 seconds
Refreshing native plugins compatible for Editor in 6.93 ms, found 5 plugins.
Preloading 0 native plugins for Editor in 0.00 ms.
Asset Pipeline Refresh (id=c802583b274e90c4ea3f553c260b1182): Total: 0.193 seconds - Initiated by StopAssetImportingV2(NoUpdateAssetOptions)
Start importing Assets/Prefabs/WordTarget.prefab using Guid(582f56a1c1a901f41b1edc8acbdb6368) Importer(-1,00000000000000000000000000000000) [PhysX] Initialized MultithreadedTaskDispatcher with 24 workers.
[PhysX] Initialized MultithreadedTaskDispatcher with 24 workers.
 -> (artifact id: 'cbaa1ea00770735ee0e1f1e16c676a26') in 0.005514 seconds
Refreshing native plugins compatible for Editor in 6.48 ms, found 5 plugins.
Preloading 0 native plugins for Editor in 0.00 ms.
Asset Pipeline Refresh (id=93f7b5828d5272d4fb2631ddf0e17054): Total: 0.061 seconds - Initiated by StopAssetImportingV2(NoUpdateAssetOptions)
Start importing Assets/Prefabs/UI/WordSelectionLine.prefab using Guid(540b044e7ebe0af498a43a4e4c6e612c) Importer(-1,00000000000000000000000000000000) [PhysX] Initialized MultithreadedTaskDispatcher with 24 workers.
[PhysX] Initialized MultithreadedTaskDispatcher with 24 workers.
 -> (artifact id: '5d49acf6dcf14a4427cf4a92a2d9b061') in 0.015576 seconds
Refreshing native plugins compatible for Editor in 6.66 ms, found 5 plugins.
Preloading 0 native plugins for Editor in 0.00 ms.
Asset Pipeline Refresh (id=38ea4f5391658d54e83ecc32dea95762): Total: 0.066 seconds - Initiated by StopAssetImportingV2(NoUpdateAssetOptions)
Asset Pipeline Refresh (id=8a914251e3bf47e49b84b4f4dfe922cb): Total: 0.012 seconds - Initiated by StopAssetImportingV2(NoUpdateAssetOptions)
Start importing Assets/Prefabs/Levels/Level_1.prefab using Guid(6fcfc6c2d8bbd674f9c69848130563af) Importer(-1,00000000000000000000000000000000) [PhysX] Initialized MultithreadedTaskDispatcher with 24 workers.
[PhysX] Initialized MultithreadedTaskDispatcher with 24 workers.
 -> (artifact id: '510d9538b0d43790d3da5dd48b7d63b8') in 0.084282 seconds
Refreshing native plugins compatible for Editor in 7.38 ms, found 5 plugins.
Preloading 0 native plugins for Editor in 0.00 ms.
Asset Pipeline Refresh (id=502715964069ccc4686cd94a28f011a8): Total: 0.191 seconds - Initiated by StopAssetImportingV2(NoUpdateAssetOptions)
[AutoSetupWordSearch] Saved prefab: Assets/Prefabs/Levels/Level_1.prefab
UnityEngine.StackTraceUtility:ExtractStackTrace ()
UnityEngine.DebugLogHandler:LogFormat (UnityEngine.LogType,UnityEngine.Object,string,object[])
UnityEngine.Logger:Log (UnityEngine.LogType,object)
UnityEngine.Debug:Log (object)
AutoSetupWordSearch:CreateLevelPrefab (string,int,string,string[,],System.Collections.Generic.List`1<System.ValueTuple`2<string, System.ValueTuple`2<int, int>[]>>,bool,UnityEngine.GameObject,UnityEngine.GameObject,UnityEngine.GameObject,UnityEngine.GameObject) (at Assets/Scripts/Editor/AutoSetupWordSearch.cs:482)
AutoSetupWordSearch:BuildAll () (at Assets/Scripts/Editor/AutoSetupWordSearch.cs:26)

(Filename: Assets/Scripts/Editor/AutoSetupWordSearch.cs Line: 482)

Start importing Assets/Prefabs/Levels/Level_2.prefab using Guid(68cbde9e9495c5c409179cded882e42d) Importer(-1,00000000000000000000000000000000) [PhysX] Initialized MultithreadedTaskDispatcher with 24 workers.
[PhysX] Initialized MultithreadedTaskDispatcher with 24 workers.
 -> (artifact id: '7ba83a7de13f351a8bac07ede0011edf') in 0.076077 seconds
Refreshing native plugins compatible for Editor in 7.25 ms, found 5 plugins.
Preloading 0 native plugins for Editor in 0.00 ms.
Asset Pipeline Refresh (id=752169c2cf1e67b40abe2f520e8171ae): Total: 0.141 seconds - Initiated by StopAssetImportingV2(NoUpdateAssetOptions)
[AutoSetupWordSearch] Saved prefab: Assets/Prefabs/Levels/Level_2.prefab
UnityEngine.StackTraceUtility:ExtractStackTrace ()
UnityEngine.DebugLogHandler:LogFormat (UnityEngine.LogType,UnityEngine.Object,string,object[])
UnityEngine.Logger:Log (UnityEngine.LogType,object)
UnityEngine.Debug:Log (object)
AutoSetupWordSearch:CreateLevelPrefab (string,int,string,string[,],System.Collections.Generic.List`1<System.ValueTuple`2<string, System.ValueTuple`2<int, int>[]>>,bool,UnityEngine.GameObject,UnityEngine.GameObject,UnityEngine.GameObject,UnityEngine.GameObject) (at Assets/Scripts/Editor/AutoSetupWordSearch.cs:482)
AutoSetupWordSearch:BuildAll () (at Assets/Scripts/Editor/AutoSetupWordSearch.cs:53)

(Filename: Assets/Scripts/Editor/AutoSetupWordSearch.cs Line: 482)

Opening scene 'Assets/Scenes/GamePlay.unity'
[PhysX] Initialized MultithreadedTaskDispatcher with 24 workers.
Unloading 4 Unused Serialized files (Serialized files now loaded: 0)
Loaded scene 'Assets/Scenes/GamePlay.unity'
	Deserialize:            77.624 ms
	Integration:            661.849 ms
	Integration of assets:  0.568 ms
	Thread Wait Time:       0.046 ms
	Total Operation Time:   740.087 ms
Unloading 1340 unused Assets / (228.8 KB). Loaded Objects now: 6087.
Memory consumption went from 129.6 MB to 129.4 MB.
Total: 13.182100 ms (FindLiveObjects: 0.808400 ms CreateObjectMapping: 0.386900 ms MarkObjects: 10.633100 ms  DeleteObjects: 1.352300 ms)

Start importing Assets/Scenes/GamePlay.unity using Guid(1a03439be0b54314498e342c0abf8e68) Importer(-1,00000000000000000000000000000000) [PhysX] Initialized MultithreadedTaskDispatcher with 24 workers.
 -> (artifact id: '41ab026d658547eaba694424732343e4') in 0.001600 seconds
Refreshing native plugins compatible for Editor in 7.23 ms, found 5 plugins.
Preloading 0 native plugins for Editor in 0.00 ms.
Asset Pipeline Refresh (id=346cfca41cddba14f845a2b3362c7dae): Total: 0.075 seconds - Initiated by StopAssetImportingV2(NoUpdateAssetOptions)
[AutoSetupWordSearch] Saved GamePlay.unity scene with Level 1 and Level 2 references.
UnityEngine.StackTraceUtility:ExtractStackTrace ()
UnityEngine.DebugLogHandler:LogFormat (UnityEngine.LogType,UnityEngine.Object,string,object[])
UnityEngine.Logger:Log (UnityEngine.LogType,object)
UnityEngine.Debug:Log (object)
AutoSetupWordSearch:SetupGameplayScene (UnityEngine.GameObject,UnityEngine.GameObject,UnityEngine.GameObject) (at Assets/Scripts/Editor/AutoSetupWordSearch.cs:571)
AutoSetupWordSearch:BuildAll () (at Assets/Scripts/Editor/AutoSetupWordSearch.cs:80)

(Filename: Assets/Scripts/Editor/AutoSetupWordSearch.cs Line: 571)

Asset Pipeline Refresh (id=b4bb962914462b54b8bf078f4b3d84ac): Total: 0.009 seconds - Initiated by RefreshV2(NoUpdateAssetOptions)
[AutoSetupWordSearch] Level 1 and Level 2 successfully built and saved!
UnityEngine.StackTraceUtility:ExtractStackTrace ()
UnityEngine.DebugLogHandler:LogFormat (UnityEngine.LogType,UnityEngine.Object,string,object[])
UnityEngine.Logger:Log (UnityEngine.LogType,object)
UnityEngine.Debug:Log (object)
AutoSetupWordSearch:BuildAll () (at Assets/Scripts/Editor/AutoSetupWordSearch.cs:85)

(Filename: Assets/Scripts/Editor/AutoSetupWordSearch.cs Line: 85)

Batchmode quit successfully invoked - shutting down!
Curl error 42: Callback aborted
Killing ADB server in 0.0951837 seconds.
[PhysX] Initialized MultithreadedTaskDispatcher with 24 workers.
Input System module state changed to: ShutdownInProgress.
Input System polling thread exited.
Input System module state changed to: Shutdown.
[Licensing::IpcConnector] LicenseClient-muqaduskhaliq-notifications channel disconnected successfully.
[Licensing::IpcConnector] LicenseClient-muqaduskhaliq channel disconnected successfully.
Cleanup mono
[Performance] WinEditorMain                                                                                                  :        1 samples, Peak.  2.84 s (1.0x), Avg.  2.84 s, Total. 2.838 s (10.8%)
[Performance] WinEditorMain.ConfigureCrashHandler                                                                            :        1 samples, Peak.  45.4 us (1.0x), Avg.  45.4 us, Total. 45.40 us (0.0%)
[Performance] WinEditorMain.CurlRequestInitialize                                                                            :        1 samples, Peak.  2.13 ms (1.0x), Avg.  2.13 ms, Total. 2.130 ms (0.0%)
[Performance] WinEditorMain.SetupLogFile                                                                                     :        1 samples, Peak.   319 us (1.0x), Avg.   319 us, Total. 319.2 us (0.0%)
[Performance] WinEditorMain.RunNativeTestsIfRequiredAndExit                                                                  :        1 samples, Peak.   200 ns (1.0x), Avg.   200 ns, Total. 200.0 ns (0.0%)
[Performance] WinEditorMain.Licensing                                                                                        :        1 samples, Peak.  2.82 s (1.0x), Avg.  2.82 s, Total. 2.817 s (10.7%)
[Performance] WinEditorMain.InitializeCrashHandler                                                                           :        1 samples, Peak.  13.0 ms (1.0x), Avg.  13.0 ms, Total. 12.99 ms (0.0%)
[Performance] WinEditorMain.CreateApplication                                                                                :        1 samples, Peak.  1.03 ms (1.0x), Avg.  1.03 ms, Total. 1.026 ms (0.0%)
[Performance] Application.InitializeProject                                                                                  :        1 samples, Peak.  16.8 s (1.0x), Avg.  16.8 s, Total. 16.80 s (63.6%)
[Performance] Application.PackageManager.StartServer                                                                         :        1 samples, Peak.  9.30 ms (1.0x), Avg.  9.30 ms, Total. 9.297 ms (0.0%)
[Performance] Application.AcquireProjectLock                                                                                 :        1 samples, Peak.  98.6 ms (1.0x), Avg.  98.6 ms, Total. 98.58 ms (0.4%)
[Performance] Application.InitializeEngineNoGraphics                                                                         :        1 samples, Peak.   114 ms (1.0x), Avg.   114 ms, Total. 114.3 ms (0.4%)
[Performance] Application.PackageManager.Initialize                                                                          :        1 samples, Peak.   570 ms (1.0x), Avg.   570 ms, Total. 570.2 ms (2.2%)
[Performance] Connecting to Package Manager                                                                                  :       58 samples, Peak.  71.3 us (37.1x), Avg.  1.92 us, Total. 111.5 us (0.0%)
[Performance] Application.EngineGraphics.Initialize                                                                          :        1 samples, Peak.   353 ms (1.0x), Avg.   353 ms, Total. 353.1 ms (1.3%)
[Performance] Application.GI.Initialize                                                                                      :        1 samples, Peak.  6.45 ms (1.0x), Avg.  6.45 ms, Total. 6.450 ms (0.0%)
[Performance] Application.LoadAllDefaultResourcesFromEditor                                                                  :        1 samples, Peak.  3.40 ms (1.0x), Avg.  3.40 ms, Total. 3.397 ms (0.0%)
[Performance] Application.LoadMonoAssemblies                                                                                 :        1 samples, Peak.  1.69 s (1.0x), Avg.  1.69 s, Total. 1.693 s (6.4%)
[Performance] RestoreManagedReferences                                                                                       :        2 samples, Peak.  81.6 ms (2.0x), Avg.  40.8 ms, Total. 81.58 ms (0.3%)
[Performance] InitializeOnLoad DrivenRectTransformUndo                                                                       :        2 samples, Peak.   751 us (1.0x), Avg.   719 us, Total. 1.437 ms (0.0%)
[Performance] InitializeOnLoad SceneSearch                                                                                   :        2 samples, Peak.   231 us (1.2x), Avg.   198 us, Total. 395.1 us (0.0%)
[Performance] InitializeOnLoad CloudBuild                                                                                    :        2 samples, Peak.  10.2 us (1.2x), Avg.  8.45 us, Total. 16.90 us (0.0%)
[Performance] InitializeOnLoad NativeFormatImporterUtility                                                                   :        2 samples, Peak.  4.05 ms (1.2x), Avg.  3.50 ms, Total. 7.010 ms (0.0%)
[Performance] InitializeOnLoad SearchService                                                                                 :        2 samples, Peak.   191 us (1.1x), Avg.   179 us, Total. 357.9 us (0.0%)
[Performance] InitializeOnLoad SettingsService                                                                               :        2 samples, Peak.  17.6 us (1.2x), Avg.  14.3 us, Total. 28.70 us (0.0%)
[Performance] InitializeOnLoad WindowLayout                                                                                  :        2 samples, Peak.   416 us (1.1x), Avg.   395 us, Total. 789.3 us (0.0%)
[Performance] InitializeOnLoad AssetStoreContext                                                                             :        2 samples, Peak.  42.1 ms (1.7x), Avg.  24.3 ms, Total. 48.68 ms (0.2%)
[Performance] InitializeOnLoad PoolManager                                                                                   :        2 samples, Peak.   968 us (1.0x), Avg.   954 us, Total. 1.908 ms (0.0%)
[Performance] InitializeOnLoad MixerEffectDefinitionReloader                                                                 :        2 samples, Peak.  5.11 ms (1.3x), Avg.  3.97 ms, Total. 7.946 ms (0.0%)
[Performance] InitializeOnLoad ProjectSearch                                                                                 :        2 samples, Peak.   149 us (1.2x), Avg.   121 us, Total. 241.9 us (0.0%)
[Performance] InitializeOnLoad UISystemProfilerRenderService                                                                 :        2 samples, Peak.  27.6 us (1.3x), Avg.  20.5 us, Total. 41.00 us (0.0%)
[Performance] InitializeOnLoad EditMode                                                                                      :        2 samples, Peak.   799 us (1.1x), Avg.   725 us, Total. 1.450 ms (0.0%)
[Performance] InitializeOnLoad UnityConnect                                                                                  :        2 samples, Peak.   125 us (1.1x), Avg.   110 us, Total. 220.3 us (0.0%)
[Performance] InitializeOnLoad ManagedDebugger                                                                               :        2 samples, Peak.  1.15 ms (1.0x), Avg.  1.14 ms, Total. 2.282 ms (0.0%)
[Performance] InitializeOnLoad ShortcutIntegration                                                                           :        2 samples, Peak.   135 us (1.1x), Avg.   120 us, Total. 240.0 us (0.0%)
[Performance] InitializeOnLoad AddComponentWindow                                                                            :        2 samples, Peak.   212 us (1.0x), Avg.   212 us, Total. 423.1 us (0.0%)
[Performance] InitializeOnLoad ManagedDebuggerWindow                                                                         :        2 samples, Peak.   337 us (1.2x), Avg.   278 us, Total. 556.9 us (0.0%)
[Performance] InitializeOnLoad CacheServerWindow                                                                             :        2 samples, Peak.  34.0 us (1.5x), Avg.  23.1 us, Total. 46.20 us (0.0%)
[Performance] InitializeOnLoad PlayModeDownload                                                                              :        2 samples, Peak.  7.07 ms (1.9x), Avg.  3.64 ms, Total. 7.277 ms (0.0%)
[Performance] InitializeOnLoad MenuItems                                                                                     :        2 samples, Peak.   170 us (1.1x), Avg.   161 us, Total. 321.0 us (0.0%)
[Performance] InitializeOnLoad PrefabInstanceChangedListener                                                                 :        2 samples, Peak.   263 us (1.0x), Avg.   259 us, Total. 518.4 us (0.0%)
[Performance] InitializeOnLoad ObjectSelectorSearch                                                                          :        2 samples, Peak.   141 us (1.4x), Avg.   104 us, Total. 208.0 us (0.0%)
[Performance] InitializeOnLoad EditorMonitor                                                                                 :        2 samples, Peak.  1.05 ms (1.1x), Avg.   923 us, Total. 1.847 ms (0.0%)
[Performance] InitializeOnLoad RetainedMode                                                                                  :        2 samples, Peak.  3.91 ms (1.0x), Avg.  3.83 ms, Total. 7.650 ms (0.0%)
[Performance] InitializeOnLoad EditorShaderLoader                                                                            :        2 samples, Peak.  1.34 ms (1.1x), Avg.  1.22 ms, Total. 2.430 ms (0.0%)
[Performance] InitializeOnLoad EditorDelegateRegistration                                                                    :        2 samples, Peak.   900 us (1.0x), Avg.   867 us, Total. 1.734 ms (0.0%)
[Performance] InitializeOnLoad UIDocumentHierarchyWatcher                                                                    :        2 samples, Peak.   142 us (1.0x), Avg.   140 us, Total. 279.7 us (0.0%)
[Performance] InitializeOnLoad LiveReloadTrackerCreator                                                                      :        2 samples, Peak.   312 us (1.1x), Avg.   275 us, Total. 550.3 us (0.0%)
[Performance] InitializeOnLoad UxmlObjectEditorFactories                                                                     :        2 samples, Peak.   771 us (1.1x), Avg.   730 us, Total. 1.461 ms (0.0%)
[Performance] InitializeOnLoad UXMLEditorFactories                                                                           :        2 samples, Peak.   120 ms (1.1x), Avg.   109 ms, Total. 218.4 ms (0.8%)
[Performance] InitializeOnLoad PurchasingService                                                                             :        2 samples, Peak.  14.1 ms (1.1x), Avg.  12.9 ms, Total. 25.88 ms (0.1%)
[Performance] InitializeOnLoad CloudBuildPoller                                                                              :        2 samples, Peak.   230 us (1.1x), Avg.   216 us, Total. 432.1 us (0.0%)
[Performance] InitializeOnLoad EditorGameServicesAnalytics                                                                   :        2 samples, Peak.  2.24 ms (1.2x), Avg.  1.93 ms, Total. 3.866 ms (0.0%)
[Performance] InitializeOnLoad AnalyticsService                                                                              :        2 samples, Peak.   378 us (1.1x), Avg.   356 us, Total. 711.2 us (0.0%)
[Performance] InitializeOnLoad BuildService                                                                                  :        2 samples, Peak.   355 us (1.1x), Avg.   326 us, Total. 651.7 us (0.0%)
[Performance] InitializeOnLoad AdsService                                                                                    :        2 samples, Peak.   859 us (1.0x), Avg.   843 us, Total. 1.687 ms (0.0%)
[Performance] InitializeOnLoad UDPService                                                                                    :        2 samples, Peak.   368 us (1.1x), Avg.   339 us, Total. 678.9 us (0.0%)
[Performance] InitializeOnLoad CrashService                                                                                  :        2 samples, Peak.   363 us (1.1x), Avg.   340 us, Total. 679.7 us (0.0%)
[Performance] InitializeOnLoad ServicesRepository                                                                            :        2 samples, Peak.  1.30 us (1.1x), Avg.  1.15 us, Total. 2.300 us (0.0%)
[Performance] InitializeOnLoad SearchWindow                                                                                  :        2 samples, Peak.   278 us (1.2x), Avg.   229 us, Total. 457.3 us (0.0%)
[Performance] InitializeOnLoad CustomIndexers                                                                                :        2 samples, Peak.  27.3 ms (1.0x), Avg.  26.9 ms, Total. 53.75 ms (0.2%)
[Performance] InitializeOnLoad SearchMonitor                                                                                 :        2 samples, Peak.  2.09 ms (1.2x), Avg.  1.72 ms, Total. 3.448 ms (0.0%)
[Performance] InitializeOnLoad ParameterControllerEditor                                                                     :        2 samples, Peak.  25.4 us (1.1x), Avg.  24.0 us, Total. 48.00 us (0.0%)
[Performance] InitializeOnLoad LayerSettingsWindow                                                                           :        2 samples, Peak.  45.4 us (1.7x), Avg.  26.5 us, Total. 52.90 us (0.0%)
[Performance] InitializeOnLoad PackageManagerHookGUIDConverter.RegisterPackagesEventHandler                                  :        2 samples, Peak.  1.34 ms (1.7x), Avg.   798 us, Total. 1.596 ms (0.0%)
[Performance] InitializeOnLoad EditorDragAndDrop.RegisterEditorClient                                                        :        2 samples, Peak.   572 us (1.2x), Avg.   461 us, Total. 921.8 us (0.0%)
[Performance] InitializeOnLoad EditorEventCallbacks.InitializeFontAssetResourceChangeCallBacks                               :        2 samples, Peak.  8.61 ms (1.6x), Avg.  5.35 ms, Total. 10.71 ms (0.0%)
[Performance] InitializeOnLoad SceneTemplateService.Init                                                                     :        2 samples, Peak.  2.20 ms (1.0x), Avg.  2.19 ms, Total. 4.387 ms (0.0%)
[Performance] InitializeOnLoad DiagnosticSwitchesConsoleMessage.Init                                                         :        2 samples, Peak.  9.10 ms (1.5x), Avg.  5.94 ms, Total. 11.88 ms (0.0%)
[Performance] InitializeOnLoad PackageManagerWindow.EditorInitializedInSafeMode                                              :        2 samples, Peak.  42.3 ms (2.0x), Avg.  21.4 ms, Total. 42.81 ms (0.2%)
[Performance] InitializeOnLoad ToolShortcutContext.Init                                                                      :        2 samples, Peak.   602 us (1.4x), Avg.   421 us, Total. 841.4 us (0.0%)
[Performance] InitializeOnLoad MemoryProfilerCompilationGuard.InjectCompileGuard                                             :        2 samples, Peak.   289 us (1.1x), Avg.   263 us, Total. 526.3 us (0.0%)
[Performance] InitializeOnLoad AssetPostprocessingInternal.RefreshCustomDependencies                                         :        2 samples, Peak.  4.88 ms (1.0x), Avg.  4.74 ms, Total. 9.477 ms (0.0%)
[Performance] InitializeOnLoad SysrootManager.Initialize                                                                     :        2 samples, Peak.  1.10 ms (1.2x), Avg.   896 us, Total. 1.792 ms (0.0%)
[Performance] InitializeOnLoad ScopedRegistryAddedPopup.SubscribeToRegistriesAdded                                           :        2 samples, Peak.  16.9 ms (2.0x), Avg.  8.53 ms, Total. 17.06 ms (0.1%)
[Performance] InitializeOnLoad SceneVisibilityManager.Initialize                                                             :        2 samples, Peak.  5.18 ms (1.5x), Avg.  3.53 ms, Total. 7.069 ms (0.0%)
[Performance] InitializeOnLoad EditorWindow.Initialize                                                                       :        2 samples, Peak.   696 us (1.3x), Avg.   531 us, Total. 1.062 ms (0.0%)
[Performance] AssemblyReloadEvents.afterAssemblyReload: UnityEditor.SceneTemplate.SceneTemplateService.AfterAssemblyReload   :        2 samples, Peak.  9.56 ms (1.9x), Avg.  5.04 ms, Total. 10.09 ms (0.0%)
[Performance] ProcessService.EditorAfterLoadAllAssemblies                                                                    :        2 samples, Peak.   797 us (1.3x), Avg.   616 us, Total. 1.233 ms (0.0%)
[Performance] Application.ReadLicenseInfo                                                                                    :        1 samples, Peak.  30.2 ms (1.0x), Avg.  30.2 ms, Total. 30.24 ms (0.1%)
[Performance] Application.InitialRefresh                                                                                     :        1 samples, Peak.  11.8 s (1.0x), Avg.  11.8 s, Total. 11.82 s (44.8%)
[Performance] Compiling Scripts                                                                                              :        1 samples, Peak.  3.45 s (1.0x), Avg.  3.45 s, Total. 3.454 s (13.1%)
[Performance] AssemblyReloadEvents.beforeAssemblyReload: UnityEditor.SceneTemplate.SceneTemplateService.BeforeAssemblyReload :        1 samples, Peak.   732 us (1.0x), Avg.   732 us, Total. 732.1 us (0.0%)
[Performance] InitializeOnLoad BurstLoader                                                                                   :        1 samples, Peak.  3.84 s (1.0x), Avg.  3.84 s, Total. 3.840 s (14.6%)
[Performance] InitializeOnLoad BackgroundWatcher                                                                             :        1 samples, Peak.   335 us (1.0x), Avg.   335 us, Total. 335.0 us (0.0%)
[Performance] InitializeOnLoad UnityTestProtocolStarter                                                                      :        1 samples, Peak.   433 us (1.0x), Avg.   433 us, Total. 433.4 us (0.0%)
[Performance] InitializeOnLoad TestStarter                                                                                   :        1 samples, Peak.  1.39 ms (1.0x), Avg.  1.39 ms, Total. 1.389 ms (0.0%)
[Performance] InitializeOnLoad RerunCallbackInitializer                                                                      :        1 samples, Peak.  5.83 ms (1.0x), Avg.  5.83 ms, Total. 5.833 ms (0.0%)
[Performance] InitializeOnLoad EditorToolManager                                                                             :        1 samples, Peak.  6.66 ms (1.0x), Avg.  6.66 ms, Total. 6.660 ms (0.0%)
[Performance] InitializeOnLoad VSUsageUtility                                                                                :        1 samples, Peak.  42.9 ms (1.0x), Avg.  42.9 ms, Total. 42.91 ms (0.2%)
[Performance] InitializeOnLoad VisualStudioEditor                                                                            :        1 samples, Peak.  29.0 ms (1.0x), Avg.  29.0 ms, Total. 29.04 ms (0.1%)
[Performance] InitializeOnLoad TestRunnerApiListener                                                                         :        1 samples, Peak.  1.37 ms (1.0x), Avg.  1.37 ms, Total. 1.367 ms (0.0%)
[Performance] InitializeOnLoad VisualStudioIntegration                                                                       :        1 samples, Peak.  3.14 ms (1.0x), Avg.  3.14 ms, Total. 3.144 ms (0.0%)
[Performance] InitializeOnLoad PrefabLayoutRebuilder                                                                         :        1 samples, Peak.   503 us (1.0x), Avg.   503 us, Total. 503.3 us (0.0%)
[Performance] InitializeOnLoad SpriteSkinCompositeStartup                                                                    :        1 samples, Peak.  40.5 ms (1.0x), Avg.  40.5 ms, Total. 40.54 ms (0.2%)
[Performance] InitializeOnLoad RiderScriptEditor                                                                             :        1 samples, Peak.  10.7 ms (1.0x), Avg.  10.7 ms, Total. 10.73 ms (0.0%)
[Performance] InitializeOnLoad CallbackInitializer                                                                           :        1 samples, Peak.  2.20 ms (1.0x), Avg.  2.20 ms, Total. 2.196 ms (0.0%)
[Performance] InitializeOnLoad SpriteEditorWindow                                                                            :        1 samples, Peak.  1.45 ms (1.0x), Avg.  1.45 ms, Total. 1.449 ms (0.0%)
[Performance] InitializeOnLoad PackageEntryPoint                                                                             :        1 samples, Peak.   135 ms (1.0x), Avg.   135 ms, Total. 135.5 ms (0.5%)
[Performance] InitializeOnLoad UnityInternalsInjector                                                                        :        1 samples, Peak.  2.13 ms (1.0x), Avg.  2.13 ms, Total. 2.133 ms (0.0%)
[Performance] InitializeOnLoad UVCSToolbarBoostrap                                                                           :        1 samples, Peak.  95.6 ms (1.0x), Avg.  95.6 ms, Total. 95.62 ms (0.4%)
[Performance] InitializeOnLoad UnityAnalyticsStorage                                                                         :        1 samples, Peak.   816 us (1.0x), Avg.   816 us, Total. 816.1 us (0.0%)
[Performance] InitializeOnLoad BoneGizmoInitializer                                                                          :        1 samples, Peak.  5.76 ms (1.0x), Avg.  5.76 ms, Total. 5.755 ms (0.0%)
[Performance] InitializeOnLoad Analytics                                                                                     :        1 samples, Peak.   485 us (1.0x), Avg.   485 us, Total. 485.4 us (0.0%)
[Performance] InitializeOnLoad BackgroundImport                                                                              :        1 samples, Peak.   307 us (1.0x), Avg.   307 us, Total. 307.1 us (0.0%)
[Performance] InitializeOnLoad SceneDragAndDrop                                                                              :        1 samples, Peak.   375 us (1.0x), Avg.   375 us, Total. 374.9 us (0.0%)
[Performance] InitializeOnLoad SpriteShapeUpdateCache                                                                        :        1 samples, Peak.  1.10 ms (1.0x), Avg.  1.10 ms, Total. 1.096 ms (0.0%)
[Performance] InitializeOnLoad SpriteShapeUnityAnalyticsStorage                                                              :        1 samples, Peak.  30.2 us (1.0x), Avg.  30.2 us, Total. 30.20 us (0.0%)
[Performance] InitializeOnLoad IKEditorManager.CreateInstance                                                                :        1 samples, Peak.  3.86 ms (1.0x), Avg.  3.86 ms, Total. 3.864 ms (0.0%)
[Performance] InitializeOnLoad $BurstDirectCallInitializer.Initialize                                                        :        7 samples, Peak.   118 ms (4.3x), Avg.  27.4 ms, Total. 191.9 ms (0.7%)
[Performance] InitializeOnLoad SceneViewGridManager.Initialize                                                               :        1 samples, Peak.  12.0 ms (1.0x), Avg.  12.0 ms, Total. 11.98 ms (0.0%)
[Performance] InitializeOnLoad TilemapPrefabStageHelper.Initialize                                                           :        1 samples, Peak.  3.40 ms (1.0x), Avg.  3.40 ms, Total. 3.404 ms (0.0%)
[Performance] InitializeOnLoad SceneViewOpenTilePaletteHelper.Initialize                                                     :        1 samples, Peak.  2.28 ms (1.0x), Avg.  2.28 ms, Total. 2.284 ms (0.0%)
[Performance] InitializeOnLoad TileDragAndDropManager.Initialize                                                             :        1 samples, Peak.  1.46 ms (1.0x), Avg.  1.46 ms, Total. 1.458 ms (0.0%)
[Performance] InitializeOnLoad BackgroundImport.Setup                                                                        :        1 samples, Peak.  3.40 ms (1.0x), Avg.  3.40 ms, Total. 3.395 ms (0.0%)
[Performance] InitializeOnLoad TestJobDataHolder.ResumeRunningJobs                                                           :        1 samples, Peak.  1.74 ms (1.0x), Avg.  1.74 ms, Total. 1.745 ms (0.0%)
[Performance] InitializeOnLoad AnalyticsReporter.RegisterCallbacks                                                           :        1 samples, Peak.   549 us (1.0x), Avg.   549 us, Total. 548.6 us (0.0%)
[Performance] InitializeOnLoad VisualStudioEditor.LegacyVisualStudioCodePackageDisabler                                      :        1 samples, Peak.  1.38 ms (1.0x), Avg.  1.38 ms, Total. 1.383 ms (0.0%)
[Performance] DidReloadScriptsTestRunnerWindow.CompilationCallback                                                           :        1 samples, Peak.   902 us (1.0x), Avg.   902 us, Total. 901.8 us (0.0%)
[Performance] DidReloadScriptsTestListCache.ScriptReloaded                                                                   :        1 samples, Peak.  2.36 ms (1.0x), Avg.  2.36 ms, Total. 2.355 ms (0.0%)
[Performance] DidReloadScriptsAdvancedDropdownWindow.OnScriptReload                                                          :        1 samples, Peak.   446 us (1.0x), Avg.   446 us, Total. 446.2 us (0.0%)
[Performance] AssemblyReloadEvents.afterAssemblyReload: UnityEditor.U2D.Animation.BoneGizmo.OnAfterAssemblyReload            :        1 samples, Peak.  1.63 ms (1.0x), Avg.  1.63 ms, Total. 1.625 ms (0.0%)
[Performance] SyncVS.PostprocessSyncProject                                                                                  :        7 samples, Peak.  6.70 ms (5.7x), Avg.  1.18 ms, Total. 8.266 ms (0.0%)
[Performance] Application.ImportPackagesAndSetTemplateWhenCreatingProject                                                    :        1 samples, Peak.  24.9 ms (1.0x), Avg.  24.9 ms, Total. 24.85 ms (0.1%)
[Performance] Application.SyncCurrentColorSpace                                                                              :        1 samples, Peak.   182 ms (1.0x), Avg.   182 ms, Total. 181.6 ms (0.7%)
[Performance] Application.OnUsbDevicesChanged                                                                                :        1 samples, Peak.  4.72 ms (1.0x), Avg.  4.72 ms, Total. 4.725 ms (0.0%)
[Performance] Application.AssetInstanceCacheUpdate                                                                           :        1 samples, Peak.   300 ns (1.0x), Avg.   300 ns, Total. 300.0 ns (0.0%)
[Performance] Application.UnityExtensions.Initialize                                                                         :        1 samples, Peak.  8.36 ms (1.0x), Avg.  8.36 ms, Total. 8.357 ms (0.0%)
[Performance] CodeEditorProjectSync.SyncEditorProject                                                                        :        1 samples, Peak.   762 ms (1.0x), Avg.   762 ms, Total. 762.3 ms (2.9%)
[Performance] Application.ExecuteStartups                                                                                    :        1 samples, Peak.   296 ms (1.0x), Avg.   296 ms, Total. 295.8 ms (1.1%)
[Performance] Menu.RegisterMenuInterface                                                                                     :       26 samples, Peak.  2.40 us (7.7x), Avg.   312 ns, Total. 8.100 us (0.0%)
[Performance] Gizmo.RebuildRenderers                                                                                         :        1 samples, Peak.   293 ms (1.0x), Avg.   293 ms, Total. 293.5 ms (1.1%)
[Performance] Gizmo.AddGizmoRenderers                                                                                        :       93 samples, Peak.  2.27 ms (50.9x), Avg.  44.5 us, Total. 4.141 ms (0.0%)
[Performance] Application.editorInitializingProject                                                                          :        1 samples, Peak.   180 ms (1.0x), Avg.   180 ms, Total. 180.4 ms (0.7%)
[Performance] Application.InitializeMenu                                                                                     :        1 samples, Peak.  3.37 s (1.0x), Avg.  3.37 s, Total. 3.372 s (12.8%)
[Performance] Menu.RebuildAll                                                                                                :        1 samples, Peak.  3.37 s (1.0x), Avg.  3.37 s, Total. 3.372 s (12.8%)
[Performance] Menu.BuildRegisteredMenuInterfaces                                                                             :        1 samples, Peak.  3.37 s (1.0x), Avg.  3.37 s, Total. 3.367 s (12.8%)
[Performance] Menu.FilterMenuItem                                                                                            :      652 samples, Peak.   133 ms (614.5x), Avg.   216 us, Total. 140.8 ms (0.5%)
[Performance] UpdateAllMenus                                                                                                 :        1 samples, Peak.   920 us (1.0x), Avg.   920 us, Total. 920.2 us (0.0%)
[Performance] Menu.RebuildOSMainMenu                                                                                         :        1 samples, Peak.  3.56 ms (1.0x), Avg.  3.56 ms, Total. 3.563 ms (0.0%)
[Performance] EditorSceneManager.sceneClosing: UnityEditor.SceneVisibilityManager.EditorSceneManagerOnSceneClosing           :        2 samples, Peak.   550 us (2.0x), Avg.   277 us, Total. 555.0 us (0.0%)
[Performance] GUIView.RepaintAll.PlayerLoopController                                                                        :        1 samples, Peak.  1.40 us (1.0x), Avg.  1.40 us, Total. 1.400 us (0.0%)
[Performance] EditorSceneManager.newSceneCreated: UnityEditor.SceneTemplate.SceneTemplateService.OnNewSceneCreated           :        1 samples, Peak.   430 us (1.0x), Avg.   430 us, Total. 429.9 us (0.0%)
[Performance] EditorSceneManager.newSceneCreated: UnityEditor.SceneVisibilityManager.EditorSceneManagerOnNewSceneCreated     :        1 samples, Peak.  1.37 ms (1.0x), Avg.  1.37 ms, Total. 1.371 ms (0.0%)
[Performance] EditorSceneManager.newSceneCreated: UnityEditor.SceneManagement.StageNavigationManager.OnNewSceneCreated       :        1 samples, Peak.   203 us (1.0x), Avg.   203 us, Total. 202.7 us (0.0%)
[Performance] Application.InvokeFinishedLoadingProject                                                                       :        1 samples, Peak.  14.3 ms (1.0x), Avg.  14.3 ms, Total. 14.34 ms (0.1%)
[Performance] ProcessService.OnProjectLoaded                                                                                 :        1 samples, Peak.  66.8 us (1.0x), Avg.  66.8 us, Total. 66.80 us (0.0%)
[Performance] VersionControl.Task.Wait                                                                                       :        1 samples, Peak.  17.4 us (1.0x), Avg.  17.4 us, Total. 17.40 us (0.0%)
[Performance] AssetDatabase.Refresh                                                                                          :        2 samples, Peak.  38.8 ms (1.6x), Avg.  23.9 ms, Total. 47.87 ms (0.2%)
[Performance] SceneDataContainer.TransformHierarchyChangedSetParentCallback                                                  :       63 samples, Peak.  24.1 us (16.1x), Avg.  1.50 us, Total. 94.50 us (0.0%)
[Performance] SceneVisibilityState.IsFlagSetInParents                                                                        :       84 samples, Peak.  6.90 us (12.9x), Avg.   535 ns, Total. 44.90 us (0.0%)
[Performance] PaletteAssetModificationProcessor.OnWillSaveAssets                                                             :       11 samples, Peak.  2.94 ms (10.6x), Avg.   276 us, Total. 3.040 ms (0.0%)
[Performance] StateMacroSavedEvent.OnWillSaveAssets                                                                          :       11 samples, Peak.   366 us (7.7x), Avg.  47.2 us, Total. 519.5 us (0.0%)
[Performance] UnityCloudProjectLinkMonitor.OnWillSaveAssets                                                                  :       11 samples, Peak.   523 us (10.5x), Avg.  50.0 us, Total. 549.7 us (0.0%)
[Performance] UVCSAssetModificationProcessor.OnWillSaveAssets                                                                :       11 samples, Peak.   430 us (10.5x), Avg.  41.1 us, Total. 451.7 us (0.0%)
[Performance] FlowMacroSavedEvent.OnWillSaveAssets                                                                           :       11 samples, Peak.   248 us (8.6x), Avg.  28.8 us, Total. 317.2 us (0.0%)
[Performance] BuilderAssetModificationProcessor.OnWillSaveAssets                                                             :       11 samples, Peak.   647 us (10.4x), Avg.  62.3 us, Total. 685.2 us (0.0%)
[Performance] TerrainModificationProcessor.OnWillSaveAssets                                                                  :       11 samples, Peak.  1.07 ms (10.7x), Avg.  99.9 us, Total. 1.099 ms (0.0%)
[Performance] ShaderImporter.SourceAssetModified                                                                             :        6 samples, Peak.  1.40 us (1.5x), Avg.   950 ns, Total. 5.700 us (0.0%)
[Performance] ShaderIncludeImporter.SourceAssetModified                                                                      :        6 samples, Peak.  1.30 us (1.4x), Avg.   933 ns, Total. 5.600 us (0.0%)
[Performance] PSDImporterAssetPostProcessor.OnPreprocessAsset                                                                :        6 samples, Peak.   576 us (5.1x), Avg.   113 us, Total. 677.5 us (0.0%)
[Performance] PresetManagerPostProcessor.OnPreprocessAsset                                                                   :        6 samples, Peak.   355 us (2.8x), Avg.   129 us, Total. 773.4 us (0.0%)
[Performance] CancelSplashScreenOnAssetChange.OnPreprocessAsset                                                              :        6 samples, Peak.   255 us (5.6x), Avg.  45.7 us, Total. 274.0 us (0.0%)
[Performance] SpritePostProcess.OnPreprocessAsset                                                                            :        6 samples, Peak.  2.49 ms (5.7x), Avg.   433 us, Total. 2.596 ms (0.0%)
[Performance] AssetDatabase.ImportAssets                                                                                     :       10 samples, Peak.   800 ns (1.3x), Avg.   630 ns, Total. 6.300 us (0.0%)
[Performance] TMPro_TexturePostProcessor.OnPostprocessAllAssets                                                              :       12 samples, Peak.   849 us (6.1x), Avg.   139 us, Total. 1.672 ms (0.0%)
[Performance] UVCSAssetPostprocessor.OnPostprocessAllAssets                                                                  :       12 samples, Peak.   641 us (5.8x), Avg.   111 us, Total. 1.332 ms (0.0%)
[Performance] BuilderAssetPostprocessor.OnPostprocessAllAssets                                                               :       12 samples, Peak.  5.19 ms (5.7x), Avg.   904 us, Total. 10.85 ms (0.0%)
[Performance] ArtifactBrowserPostProcessor.OnPostprocessAllAssets                                                            :       12 samples, Peak.   714 us (5.8x), Avg.   123 us, Total. 1.470 ms (0.0%)
[Performance] AssetEvents.OnPostprocessAllAssets                                                                             :       24 samples, Peak.   285 us (8.2x), Avg.  34.8 us, Total. 834.9 us (0.0%)
[Performance] AudioMixerPostprocessor.OnPostprocessAllAssets                                                                 :       12 samples, Peak.   484 us (5.8x), Avg.  83.5 us, Total. 1.002 ms (0.0%)
[Performance] StyleCatalogPostProcessor.OnPostprocessAllAssets                                                               :       12 samples, Peak.  40.6 ms (6.0x), Avg.  6.78 ms, Total. 81.41 ms (0.3%)
[Performance] BuildCatalog                                                                                                   :        1 samples, Peak.  39.0 ms (1.0x), Avg.  39.0 ms, Total. 38.99 ms (0.1%)
[Performance] ModelImporterPostProcessor.OnPostprocessAllAssets                                                              :       12 samples, Peak.  1.61 ms (5.7x), Avg.   282 us, Total. 3.385 ms (0.0%)
[Performance] RetainedModeAssetPostprocessor.OnPostprocessAllAssets                                                          :       12 samples, Peak.  3.50 ms (5.9x), Avg.   596 us, Total. 7.151 ms (0.0%)
[Performance] AssetChangedListener.OnPostprocessAllAssets                                                                    :       12 samples, Peak.  1.88 ms (4.5x), Avg.   413 us, Total. 4.960 ms (0.0%)
[Performance] SpeedTreePostProcessor.OnPostprocessAllAssets                                                                  :       12 samples, Peak.   225 us (4.0x), Avg.  55.6 us, Total. 667.7 us (0.0%)
[Performance] TextAssetPostProcessor.OnPostprocessAllAssets                                                                  :       12 samples, Peak.   554 us (5.3x), Avg.   104 us, Total. 1.250 ms (0.0%)
[Performance] AssetProcessor.OnPostprocessAllAssets                                                                          :       36 samples, Peak.  1.04 ms (9.5x), Avg.   109 us, Total. 3.940 ms (0.0%)
[Performance] SpriteLibraryAssetPostprocessor.OnPostprocessAllAssets                                                         :       12 samples, Peak.   351 us (5.7x), Avg.  61.6 us, Total. 738.9 us (0.0%)
[Performance] PSDImporterAssetPostProcessor.OnPostprocessAllAssets                                                           :       12 samples, Peak.   207 us (5.0x), Avg.  41.6 us, Total. 499.7 us (0.0%)
[Performance] PSDImportPostProcessor.OnPostprocessAllAssets                                                                  :       12 samples, Peak.   249 us (6.4x), Avg.  39.0 us, Total. 468.2 us (0.0%)
[Performance] SpriteEditorTexturePostprocessor.OnPostprocessAllAssets                                                        :       12 samples, Peak.   458 us (2.2x), Avg.   210 us, Total. 2.514 ms (0.0%)
[Performance] SpriteShapeAssetPostProcessor.OnPostprocessAllAssets                                                           :       12 samples, Peak.  1.09 ms (1.7x), Avg.   644 us, Total. 7.731 ms (0.0%)
[Performance] PaletteAssetModificationProcessor.OnWillCreateAsset                                                            :        5 samples, Peak.   219 us (4.1x), Avg.  53.6 us, Total. 268.0 us (0.0%)
[Performance] BuilderAssetModificationProcessor.OnWillCreateAsset                                                            :        5 samples, Peak.   461 us (3.8x), Avg.   122 us, Total. 608.1 us (0.0%)
[Performance] EditorApplication.projectChanged: UnityEditor.Audio.MixerEffectDefinitionReloader.OnProjectChanged             :        2 samples, Peak.   943 us (1.1x), Avg.   895 us, Total. 1.789 ms (0.0%)
[Performance] EditorSceneManager.sceneOpening: UnityEditor.SceneVisibilityManager.EditorSceneManagerOnSceneOpening           :        1 samples, Peak.   233 us (1.0x), Avg.   233 us, Total. 232.8 us (0.0%)
[Performance] Inspector.InitOrRebuild                                                                                        :        1 samples, Peak.   810 us (1.0x), Avg.   810 us, Total. 809.6 us (0.0%)
[Performance] Undo.willFlushUndoRecord: UnityEditor.DrivenRectTransformUndo.ForceUpdateCanvases                              :        1 samples, Peak.   117 ms (1.0x), Avg.   117 ms, Total. 117.1 ms (0.4%)
[Performance] EditorSceneManager.sceneOpened: UnityEditor.SceneTemplate.SceneTemplateService.OnSceneOpened                   :        1 samples, Peak.   413 us (1.0x), Avg.   413 us, Total. 412.9 us (0.0%)
[Performance] EditorSceneManager.sceneOpened: UnityEditor.SceneVisibilityManager.EditorSceneManagerOnSceneOpened             :        1 samples, Peak.   199 us (1.0x), Avg.   199 us, Total. 198.8 us (0.0%)
[Performance] EditorSceneManager.sceneOpened: UnityEditor.SceneManagement.StageNavigationManager.OnSceneOpened               :        1 samples, Peak.   114 us (1.0x), Avg.   114 us, Total. 113.8 us (0.0%)
[Performance] EditorSceneManager.sceneSaving: callback in UnityEditor.U2D.SpriteShapeUpdateCache                             :        1 samples, Peak.  1.72 ms (1.0x), Avg.  1.72 ms, Total. 1.724 ms (0.0%)
[Performance] EditorSceneManager.sceneSaving: UnityEditor.SceneTemplate.SceneTemplateService.OnSceneSaving                   :        1 samples, Peak.   427 us (1.0x), Avg.   427 us, Total. 426.7 us (0.0%)
[Performance] EditorSceneManager.sceneSaving: UnityEditor.SceneVisibilityManager.EditorSceneManagerOnSceneSaving             :        1 samples, Peak.   249 us (1.0x), Avg.   249 us, Total. 248.8 us (0.0%)
[Performance] AssetDatabase.ImportAsset                                                                                      :        1 samples, Peak.  75.8 ms (1.0x), Avg.  75.8 ms, Total. 75.83 ms (0.3%)
[Performance] EditorSceneManager.sceneSaved: UnityEditor.SceneTemplate.SceneTemplateService.OnSceneSaved                     :        1 samples, Peak.  35.3 ms (1.0x), Avg.  35.3 ms, Total. 35.30 ms (0.1%)
[Performance] EditorSceneManager.sceneSaved: UnityEditor.SceneVisibilityManager.EditorSceneManagerOnSceneSaved               :        1 samples, Peak.   243 us (1.0x), Avg.   243 us, Total. 242.8 us (0.0%)
[Performance] EditorApplication.quitting: Unity.Burst.Editor.BurstLoader.OnEditorApplicationQuitting                         :        1 samples, Peak.  62.6 us (1.0x), Avg.  62.6 us, Total. 62.60 us (0.0%)
[Performance] EditorApplication.quitting: UnityEditor.Tilemaps.SceneViewGridManager.EditorQuitting                           :        1 samples, Peak.   151 us (1.0x), Avg.   151 us, Total. 151.1 us (0.0%)
[Performance] EditorApplication.quitting: callback in UnityEditor.TextCore.Text.EditorEventCallbacks                         :        1 samples, Peak.  11.7 ms (1.0x), Avg.  11.7 ms, Total. 11.69 ms (0.0%)
[Performance] Killing ADB server                                                                                             :        1 samples, Peak.  98.6 ms (1.0x), Avg.  98.6 ms, Total. 98.60 ms (0.4%)
[Performance] Application.Shutdown.PauseProfilerSession                                                                      :        1 samples, Peak.  44.3 us (1.0x), Avg.  44.3 us, Total. 44.30 us (0.0%)
[Performance] Application.Shutdown.PauseAssetImportWorkers                                                                   :        1 samples, Peak.   325 us (1.0x), Avg.   325 us, Total. 325.2 us (0.0%)
[Performance] Application.Shutdown.SaveAssets                                                                                :        1 samples, Peak.  4.49 ms (1.0x), Avg.  4.49 ms, Total. 4.488 ms (0.0%)
[Performance] Application.Shutdown.CleanupRenderPipeline                                                                     :        1 samples, Peak.  5.10 us (1.0x), Avg.  5.10 us, Total. 5.100 us (0.0%)
[Performance] Application.Shutdown.StopPreloadManager                                                                        :        1 samples, Peak.  9.87 ms (1.0x), Avg.  9.87 ms, Total. 9.866 ms (0.0%)
[Performance] Application.Shutdown.DestroyWorld                                                                              :        1 samples, Peak.  9.11 ms (1.0x), Avg.  9.11 ms, Total. 9.114 ms (0.0%)
[Performance] Application.Shutdown.CleanupAfterLoad                                                                          :        1 samples, Peak.   333 ms (1.0x), Avg.   333 ms, Total. 332.8 ms (1.3%)
[Performance] Application.Shutdown.Progress                                                                                  :        1 samples, Peak.  15.5 us (1.0x), Avg.  15.5 us, Total. 15.50 us (0.0%)
[Performance] Application.Shutdown.GICleanupManagers                                                                         :        1 samples, Peak.  1.37 ms (1.0x), Avg.  1.37 ms, Total. 1.369 ms (0.0%)
[Performance] Application.Shutdown.MenuCleanupClass                                                                          :        1 samples, Peak.   280 us (1.0x), Avg.   280 us, Total. 279.5 us (0.0%)
[Performance] Application.Shutdown.ADBSaveStateBeforeShutdown                                                                :        1 samples, Peak.  8.10 us (1.0x), Avg.  8.10 us, Total. 8.100 us (0.0%)
[Performance] Application.Shutdown.RemoteShutdown                                                                            :        1 samples, Peak.   700 ns (1.0x), Avg.   700 ns, Total. 700.0 ns (0.0%)
[Performance] Application.Shutdown.CleanupVCProvider                                                                         :        1 samples, Peak.  17.0 us (1.0x), Avg.  17.0 us, Total. 17.00 us (0.0%)
[Performance] Application.Shutdown.InputShutdown                                                                             :        1 samples, Peak.  3.60 us (1.0x), Avg.  3.60 us, Total. 3.600 us (0.0%)
[Performance] Application.Shutdown.GizmoManagerDestroy                                                                       :        1 samples, Peak.  1.55 ms (1.0x), Avg.  1.55 ms, Total. 1.555 ms (0.0%)
[Performance] Application.Shutdown.ProfilerSession                                                                           :        1 samples, Peak.   221 us (1.0x), Avg.   221 us, Total. 221.3 us (0.0%)
[Performance] Application.Shutdown.ReleaseGfxWindowOnAllGUIViews                                                             :        1 samples, Peak.   400 ns (1.0x), Avg.   400 ns, Total. 400.0 ns (0.0%)
[Performance] Application.Shutdown.CleanupEngine                                                                             :        1 samples, Peak.   127 ms (1.0x), Avg.   127 ms, Total. 126.7 ms (0.5%)
[Performance] Application.Shutdown.CleanupAssetDatabase                                                                      :        1 samples, Peak.  12.1 ms (1.0x), Avg.  12.1 ms, Total. 12.09 ms (0.0%)
[Performance] Application.Shutdown.ScriptCompilationCleanUp                                                                  :        1 samples, Peak.  17.0 ms (1.0x), Avg.  17.0 ms, Total. 17.03 ms (0.1%)
[Performance] Application.Shutdown.DestroyJobSystem                                                                          :        1 samples, Peak.   167 us (1.0x), Avg.   167 us, Total. 166.9 us (0.0%)
[Performance] Application.Shutdown.CleanupPersistentManager                                                                  :        1 samples, Peak.  2.43 ms (1.0x), Avg.  2.43 ms, Total. 2.433 ms (0.0%)
[Performance] Application.Shutdown.CleanupAsyncReadManager                                                                   :        1 samples, Peak.   350 us (1.0x), Avg.   350 us, Total. 349.5 us (0.0%)
[Performance] Application.Shutdown.CleanupProgressBar                                                                        :        1 samples, Peak.   500 ns (1.0x), Avg.   500 ns, Total. 500.0 ns (0.0%)
[Performance] Application.Shutdown.CleanupMono                                                                               :        1 samples, Peak.   248 ms (1.0x), Avg.   248 ms, Total. 248.1 ms (0.9%)
[Performance] Application.Shutdown.CleanupStdConverters                                                                      :        1 samples, Peak.  24.2 us (1.0x), Avg.  24.2 us, Total. 24.20 us (0.0%)
[Performance] Application.Shutdown.UnloadAllPlatformSupportModuleNativeDlls                                                  :        1 samples, Peak.   800 ns (1.0x), Avg.   800 ns, Total. 800.0 ns (0.0%)
[Performance] Application.Shutdown.UnloadAllPlatformSupportNativeLibraries                                                   :        1 samples, Peak.   200 ns (1.0x), Avg.   200 ns, Total. 200.0 ns (0.0%)
[Performance] Application.Shutdown.CleanupAutoDocumentation                                                                  :        1 samples, Peak.   639 us (1.0x), Avg.   639 us, Total. 638.9 us (0.0%)
[Performance] Application.Shutdown.ShaderNameManagerDestroy                                                                  :        1 samples, Peak.  81.9 us (1.0x), Avg.  81.9 us, Total. 81.90 us (0.0%)
[Performance] Application.Shutdown.CleanupCacheServer                                                                        :        1 samples, Peak.   100 ns (1.0x), Avg.   100 ns, Total. 100.0 ns (0.0%)
[Performance] Application.Shutdown.Virtualization_Shutdown                                                                   :        1 samples, Peak.   300 ns (1.0x), Avg.   300 ns, Total. 300.0 ns (0.0%)
[Performance] Application.Shutdown.DevConnections                                                                            :        1 samples, Peak.   212 us (1.0x), Avg.   212 us, Total. 212.5 us (0.0%)
Exiting batchmode successfully now!
Exiting without the bug reporter. Application will terminate with return code 0